// Jest Snapshot v1, https://goo.gl/fbAQLP

exports[`Minimized should render 1`] = `null`;
