// Jest Snapshot v1, https://goo.gl/fbAQLP

exports[`Portal should render 1`] = `<div />`;
